// Vitest Snapshot v1, https://vitest.dev/guide/snapshot.html

exports[`Tile > should match snapshot 1`] = `
<div>
  <div
    class="tile"
    id="something1"
    style="width: 0px; height: 0px; left: 0px; top: 0px;"
  >
    <div
      aria-label="tile-checkicon"
      class="checkbutton "
      data-id="something1"
      style="position: absolute; left: 5px; top: 5px;"
    >
      <svg
        aria-hidden="true"
        class="MuiSvgIcon-root MuiSvgIcon-fontSizeMedium css-1umw9bq-MuiSvgIcon-root"
        data-testid="CheckCircleIcon"
        focusable="false"
        viewBox="0 0 24 24"
      >
        <path
          d="M12 2C6.48 2 2 6.48 2 12s4.48 10 10 10 10-4.48 10-10S17.52 2 12 2m-2 15-5-5 1.41-1.41L10 14.17l7.59-7.59L19 8z"
        />
      </svg>
    </div>
    <figure
      class="tile-image"
    >
      <img
        src="somehing"
      />
    </figure>
  </div>
</div>
`;
