// Vitest Snapshot v1, https://vitest.dev/guide/snapshot.html

exports[`Section > should render the section 1`] = `
<div>
  <div
    class="section"
    id="sec1"
    style="width: 800px; height: 150px; top: 20px;"
  />
</div>
`;
