// Vitest Snapshot v1, https://vitest.dev/guide/snapshot.html

exports[`Grid > should match snapshot 1`] = `
<div>
  <div
    class="grid"
  >
    <div
      class="section"
      id="2019_04"
      style="width: 800px; height: 380px; top: 20px;"
    >
      <div
        class="section-header"
      >
        <h2>
          April, 2019
        </h2>
      </div>
      <div
        class="section-content"
      >
        <div
          class="segment"
          id="2019_04_25"
          style="width: 10px; height: 10px; top: 10px;"
        >
          <div
            class="segment-header"
          >
            <h3>
              Thu, April 25, 2019
            </h3>
          </div>
          <div
            class="segment-content"
          />
        </div>
        <div
          class="segment"
          id="2019_04_24"
          style="width: 10px; height: 10px; top: 10px;"
        >
          <div
            class="segment-header"
          >
            <h3>
              Thu, April 24, 2019
            </h3>
          </div>
          <div
            class="segment-content"
          />
        </div>
      </div>
    </div>
    <div
      class="section"
      id="2018_12"
      style="width: 800px; height: 150px; top: 440px;"
    />
  </div>
</div>
`;
